// Jest Snapshot v1, https://goo.gl/fbAQLP

exports[`It should be render correctly 1`] = `ReactWrapper {}`;

exports[`Questions It should be render correctly 1`] = `ReactWrapper {}`;
